// Jest Snapshot v1, https://goo.gl/fbAQLP

exports[`prettyDOM 1`] = `
"[36m<body>[39m
  [36m<select>[39m
    [0m
    [0m
    [36m<option[39m
      [33mrole[39m=[32m\\"option\\"[39m
    [36m>[39m
      [0mColor Red[0m
    [36m</option>[39m
    [0m
    [0m
    [36m<option[39m
      [33mrole[39m=[32m\\"option\\"[39m
    [36m>[39m
      [0mColor Green[0m
    [36m</option>[39m
    [0m
    Color Blue
  [0m
  [36m</select>[39m
[36m</body>[39m"
`;
